// Jest Snapshot v1, https://goo.gl/fbAQLP

exports[`Test Header component header component should match with snapshot 1`] = `
<header
  className="header"
>
  <nav
    className="nav"
  >
    <div
      className="brand"
    >
      <div
        className="logo_img"
      >
        <img
          alt="Space Travlers"
          src="logo.png"
        />
      </div>
      <div
        className="logo_txt"
      >
        <a
          href="/"
          onClick={[Function]}
        >
          <h1>
            Space Traveler's Hub
          </h1>
        </a>
      </div>
    </div>
    <ul
      className="nav_items"
    >
      <li>
        <a
          aria-current="page"
          className="active"
          href="/"
          onClick={[Function]}
          style={
            Object {
              "textDecoration": "underline",
            }
          }
        >
          Rockets
        </a>
      </li>
      <li>
        <a
          className=""
          href="/missions"
          onClick={[Function]}
        >
          Missions
        </a>
      </li>
      <li>
        <a
          className=""
          href="/profile"
          onClick={[Function]}
        >
          My Profile
        </a>
      </li>
    </ul>
  </nav>
</header>
`;
