// Jest Snapshot v1, https://goo.gl/fbAQLP

exports[`rockets list renders properly 1`] = `
<section
  className="my_profile_section"
>
  <div
    className="my_missions"
  >
    <h3>
      My Missions
    </h3>
    <ul
      className="profile_items"
    >
      <p>
        No Missions Found! Please join a new one
      </p>
    </ul>
  </div>
  <div
    className="my_rockets"
  >
    <h3>
      My Rockets
    </h3>
    <ul
      className="profile_items"
    >
      <p>
        No Rockets Found! Please reserved a new one!
      </p>
    </ul>
  </div>
</section>
`;
